// Jest Snapshot v1, https://goo.gl/fbAQLP

exports[`FavoriteList renders right Renders correctly with many sities 1`] = `
<div
  className="favorite-list"
>
  <div
    className="favorite-container"
  >
    <div
      className="favorite-bar"
    >
      <p>
        Marunouchi
      </p>
      <p>
        13.11
         째C
      </p>
      <button
        onClick={[Function]}
      >
        X
      </button>
    </div>
    <div
      className="favorite-bot"
    >
      <div
        className="favorite-q"
      >
        <p>
          Wind:
        </p>
        <p>
          Clouds:
        </p>
        <p>
          Pressure:
        </p>
        <p>
          Humidity:
        </p>
        <p>
          Coord:
        </p>
      </div>
      <div
        className="favorite-a"
      >
        <p>
          2.6
           m/s
        </p>
        <p>
          few clouds
        </p>
        <p>
          761
           mmHg
        </p>
        <p>
          63
           %
        </p>
        <p>
          [
          35.68
          , 
          139.76
          ]
        </p>
      </div>
    </div>
  </div>
  <div
    className="favorite-container"
  >
    <div
      className="favorite-bar"
    >
      <p>
        Marunouchi
      </p>
      <p>
        13.11
         째C
      </p>
      <button
        onClick={[Function]}
      >
        X
      </button>
    </div>
    <div
      className="favorite-bot"
    >
      <div
        className="favorite-q"
      >
        <p>
          Wind:
        </p>
        <p>
          Clouds:
        </p>
        <p>
          Pressure:
        </p>
        <p>
          Humidity:
        </p>
        <p>
          Coord:
        </p>
      </div>
      <div
        className="favorite-a"
      >
        <p>
          2.6
           m/s
        </p>
        <p>
          few clouds
        </p>
        <p>
          761
           mmHg
        </p>
        <p>
          63
           %
        </p>
        <p>
          [
          35.68
          , 
          139.76
          ]
        </p>
      </div>
    </div>
  </div>
  <div
    className="favorite-container"
  >
    <div
      className="favorite-bar"
    >
      <p>
        Marunouchi
      </p>
      <p>
        13.11
         째C
      </p>
      <button
        onClick={[Function]}
      >
        X
      </button>
    </div>
    <div
      className="favorite-bot"
    >
      <div
        className="favorite-q"
      >
        <p>
          Wind:
        </p>
        <p>
          Clouds:
        </p>
        <p>
          Pressure:
        </p>
        <p>
          Humidity:
        </p>
        <p>
          Coord:
        </p>
      </div>
      <div
        className="favorite-a"
      >
        <p>
          2.6
           m/s
        </p>
        <p>
          few clouds
        </p>
        <p>
          761
           mmHg
        </p>
        <p>
          63
           %
        </p>
        <p>
          [
          35.68
          , 
          139.76
          ]
        </p>
      </div>
    </div>
  </div>
</div>
`;

exports[`FavoriteList renders right Renders correctly with one city 1`] = `
<div
  className="favorite-list"
>
  <div
    className="favorite-container"
  >
    <div
      className="favorite-bar"
    >
      <p>
        Marunouchi
      </p>
      <p>
        13.11
         째C
      </p>
      <button
        onClick={[Function]}
      >
        X
      </button>
    </div>
    <div
      className="favorite-bot"
    >
      <div
        className="favorite-q"
      >
        <p>
          Wind:
        </p>
        <p>
          Clouds:
        </p>
        <p>
          Pressure:
        </p>
        <p>
          Humidity:
        </p>
        <p>
          Coord:
        </p>
      </div>
      <div
        className="favorite-a"
      >
        <p>
          2.6
           m/s
        </p>
        <p>
          few clouds
        </p>
        <p>
          761
           mmHg
        </p>
        <p>
          63
           %
        </p>
        <p>
          [
          35.68
          , 
          139.76
          ]
        </p>
      </div>
    </div>
  </div>
</div>
`;

exports[`FavoriteList renders right Renders correctly without cities 1`] = `
<div
  className="favorite-list"
/>
`;
